
===== IBRAHIM TESTI =====
DOSYA YOK: c:\Users\smt1s\OneDrive\Belgeler\GitHub\Bilgi-Sistemleri-ve-G-venli-i\Raporlar\IBRAHIM_SAHIN\output_labeled.csv

===== SAMET TESTI =====
Toplam: 7860, Saldiri: 2921, Normal: 4939
Test Ornegi: 60 log (30 saldiri, 30 normal)
Dogruluk: 100.00%
TP (Yakalanan): 30, TN: 30, FP (Yanlis Alarm): 0, FN (KACIRILAN): 0

===== MIRAC TESTI =====
DOSYA YOK: c:\Users\smt1s\OneDrive\Belgeler\GitHub\Bilgi-Sistemleri-ve-G-venli-i\Raporlar\MIRAC_BSG\logs\kayit_logs.csv

===== ATAKAN TESTI =====
Toplam: 52, Saldiri: 3, Normal: 49
Test Ornegi: 52 log (3 saldiri, 49 normal)
Dogruluk: 100.00%
TP (Yakalanan): 3, TN: 49, FP (Yanlis Alarm): 0, FN (KACIRILAN): 0

==================================================
OZET
==================================================
[OK] SAMET: Dogruluk=100%, Kacirilan=0, YanlisAlarm=0
[OK] ATAKAN: Dogruluk=100%, Kacirilan=0, YanlisAlarm=0
